
 /----------------------------------------------------------------------------\
 |  yosys -- Yosys Open SYnthesis Suite                                       |
 |  Copyright (C) 2012 - 2026  Claire Xenia Wolf <claire@yosyshq.com>         |
 |  Distributed under an ISC-like license, type "license" to see terms        |
 \----------------------------------------------------------------------------/
 Yosys 0.69 (git sha1 9f75ca1f9, Release, Clang /workspace/YoWASP/yosys/wasi-sdk-33.0-x86_64-linux/share/cmake/../..//bin/clang++ 22.1.0)

-- Executing script file `verify_equivalence.ys' --

1. Executing Verilog-2005 frontend: rtl/counter.v
Parsing Verilog input from `rtl/counter.v' to AST representation.
Generating RTLIL representation for module `\counter'.
Successfully finished Verilog frontend.

2. Executing PREP pass.

2.1. Executing HIERARCHY pass (managing design hierarchy).

2.1.1. Analyzing design hierarchy..
Top module:  \counter

2.1.2. Analyzing design hierarchy..
Top module:  \counter
Removed 0 unused modules.

2.2. Executing PROC pass (convert processes to netlists).

2.2.1. Executing PROC_CLEAN pass (remove empty switches from decision trees).
Cleaned up 0 empty switches.

2.2.2. Executing PROC_RMDEAD pass (remove dead branches from decision trees).
Marked 1 switch rules as full_case in process $proc$rtl/counter.v:8$1 in module counter.
Removed a total of 0 dead cases.

2.2.3. Executing PROC_PRUNE pass (remove redundant assignments in processes).
Removed 0 redundant assignments.
Promoted 0 assignments to connections.

2.2.4. Executing PROC_INIT pass (extract init attributes).

2.2.5. Executing PROC_ARST pass (detect async resets in processes).
Found async reset \rst_n in `\counter.$proc$rtl/counter.v:8$1'.

2.2.6. Executing PROC_ROM pass (convert switches to ROMs).
Converted 0 switches.
<suppressed ~1 debug messages>

2.2.7. Executing PROC_MUX pass (convert decision trees to multiplexers).
Creating decoders for process `\counter.$proc$rtl/counter.v:8$1'.
     1/1: $0\q[3:0]

2.2.8. Executing PROC_DLATCH pass (convert process syncs to latches).

2.2.9. Executing PROC_DFF pass (convert process syncs to FFs).
Creating register for signal `\counter.\q' using process `\counter.$proc$rtl/counter.v:8$1'.
  created $adff cell `$procdff$10' with positive edge clock and positive level reset.

2.2.10. Executing PROC_MEMWR pass (convert process memory writes to cells).

2.2.11. Executing PROC_CLEAN pass (remove empty switches from decision trees).
Found and cleaned up 1 empty switch in `\counter.$proc$rtl/counter.v:8$1'.
Removing empty process `counter.$proc$rtl/counter.v:8$1'.
Cleaned up 1 empty switch.

2.2.12. Executing OPT_EXPR pass (perform const folding).
Optimizing module counter.
<suppressed ~2 debug messages>

2.3. Executing FUTURE pass.

2.4. Executing OPT_EXPR pass (perform const folding).
Optimizing module counter.

2.5. Executing OPT_CLEAN pass (remove unused cells and wires).
Finding unused cells or wires in module \counter..
Removed 2 unused cells and 5 unused wires.
<suppressed ~3 debug messages>

2.6. Executing CHECK pass (checking for obvious problems).
Checking module counter...
Found and reported 0 problems.

2.7. Executing OPT pass (performing simple optimizations).

2.7.1. Executing OPT_EXPR pass (perform const folding).
Optimizing module counter.

2.7.2. Executing OPT_MERGE pass (detect identical cells).
Finding identical cells in module `\counter'.
Computing hashes of 3 cells of `\counter'.
Finding duplicate cells in `\counter'.
Removed a total of 0 cells.

2.7.3. Executing OPT_MUXTREE pass (detect dead branches in mux trees).
Running muxtree optimizer on module \counter..
  Creating internal representation of mux trees.
  Evaluating internal representation of mux trees.
  Analyzing evaluation results.
Removed 0 multiplexer ports.
<suppressed ~2 debug messages>

2.7.4. Executing OPT_REDUCE pass (consolidate $*mux and $reduce_* inputs).
  Optimizing cells in module \counter.
Performed a total of 0 changes.

2.7.5. Executing OPT_MERGE pass (detect identical cells).
Finding identical cells in module `\counter'.
Computing hashes of 3 cells of `\counter'.
Finding duplicate cells in `\counter'.
Removed a total of 0 cells.

2.7.6. Executing OPT_CLEAN pass (remove unused cells and wires).
Finding unused cells or wires in module \counter..

2.7.7. Executing OPT_EXPR pass (perform const folding).
Optimizing module counter.

2.7.8. Finished fast OPT passes. (There is nothing left to do.)

2.8. Executing WREDUCE pass (reducing word size of cells).
Removed top 3 bits (of 4) from port B of cell counter.$add$rtl/counter.v:12$3 ($add).

2.9. Executing OPT_CLEAN pass (remove unused cells and wires).
Finding unused cells or wires in module \counter..

2.10. Executing MEMORY_COLLECT pass (generating $mem cells).

2.11. Executing OPT pass (performing simple optimizations).

2.11.1. Executing OPT_EXPR pass (perform const folding).
Optimizing module counter.

2.11.2. Executing OPT_MERGE pass (detect identical cells).
Finding identical cells in module `\counter'.
Computing hashes of 3 cells of `\counter'.
Finding duplicate cells in `\counter'.
Removed a total of 0 cells.

2.11.3. Executing OPT_CLEAN pass (remove unused cells and wires).
Finding unused cells or wires in module \counter..

2.11.4. Finished fast OPT passes.

2.12. Executing SORT pass.

2.13. Printing statistics.

=== counter ===

        +----------Local Count, excluding submodules.
        | 
        6 wires
       15 wire bits
        4 public wires
        7 public wire bits
        4 ports
        7 port bits
        3 cells
        1   $add
        1   $adff
        1   $mux

2.14. Executing CHECK pass (checking for obvious problems).
Checking module counter...
Found and reported 0 problems.

3. Executing ASYNC2SYNC pass.
Replacing counter.$procdff$10 ($adff): ARST=\rst_n, D=$0\q[3:0], Q=\q

4. Executing Verilog-2005 frontend: rtl/counter.v
Parsing Verilog input from `rtl/counter.v' to AST representation.
Generating RTLIL representation for module `\counter'.
Successfully finished Verilog frontend.

5. Executing SYNTH pass.

5.1. Executing HIERARCHY pass (managing design hierarchy).

5.1.1. Analyzing design hierarchy..
Top module:  \counter

5.1.2. Analyzing design hierarchy..
Top module:  \counter
Removed 0 unused modules.

5.2. Executing PROC pass (convert processes to netlists).

5.2.1. Executing PROC_CLEAN pass (remove empty switches from decision trees).
Cleaned up 0 empty switches.

5.2.2. Executing PROC_RMDEAD pass (remove dead branches from decision trees).
Marked 1 switch rules as full_case in process $proc$rtl/counter.v:8$13 in module counter.
Removed a total of 0 dead cases.

5.2.3. Executing PROC_PRUNE pass (remove redundant assignments in processes).
Removed 0 redundant assignments.
Promoted 0 assignments to connections.

5.2.4. Executing PROC_INIT pass (extract init attributes).

5.2.5. Executing PROC_ARST pass (detect async resets in processes).
Found async reset \rst_n in `\counter.$proc$rtl/counter.v:8$13'.

5.2.6. Executing PROC_ROM pass (convert switches to ROMs).
Converted 0 switches.
<suppressed ~1 debug messages>

5.2.7. Executing PROC_MUX pass (convert decision trees to multiplexers).
Creating decoders for process `\counter.$proc$rtl/counter.v:8$13'.
     1/1: $0\q[3:0]

5.2.8. Executing PROC_DLATCH pass (convert process syncs to latches).

5.2.9. Executing PROC_DFF pass (convert process syncs to FFs).
Creating register for signal `\counter.\q' using process `\counter.$proc$rtl/counter.v:8$13'.
  created $adff cell `$procdff$22' with positive edge clock and positive level reset.

5.2.10. Executing PROC_MEMWR pass (convert process memory writes to cells).

5.2.11. Executing PROC_CLEAN pass (remove empty switches from decision trees).
Found and cleaned up 1 empty switch in `\counter.$proc$rtl/counter.v:8$13'.
Removing empty process `counter.$proc$rtl/counter.v:8$13'.
Cleaned up 1 empty switch.

5.2.12. Executing OPT_EXPR pass (perform const folding).
Optimizing module counter.
<suppressed ~2 debug messages>

5.3. Executing OPT_EXPR pass (perform const folding).
Optimizing module counter.

5.4. Executing OPT_CLEAN pass (remove unused cells and wires).
Finding unused cells or wires in module \counter..
Removed 2 unused cells and 5 unused wires.
<suppressed ~3 debug messages>

5.5. Executing CHECK pass (checking for obvious problems).
Checking module counter...
Found and reported 0 problems.

5.6. Executing OPT pass (performing simple optimizations).

5.6.1. Executing OPT_EXPR pass (perform const folding).
Optimizing module counter.

5.6.2. Executing OPT_MERGE pass (detect identical cells).
Finding identical cells in module `\counter'.
Computing hashes of 3 cells of `\counter'.
Finding duplicate cells in `\counter'.
Removed a total of 0 cells.

5.6.3. Executing OPT_MUXTREE pass (detect dead branches in mux trees).
Running muxtree optimizer on module \counter..
  Creating internal representation of mux trees.
  Evaluating internal representation of mux trees.
  Analyzing evaluation results.
Removed 0 multiplexer ports.
<suppressed ~2 debug messages>

5.6.4. Executing OPT_REDUCE pass (consolidate $*mux and $reduce_* inputs).
  Optimizing cells in module \counter.
Performed a total of 0 changes.

5.6.5. Executing OPT_MERGE pass (detect identical cells).
Finding identical cells in module `\counter'.
Computing hashes of 3 cells of `\counter'.
Finding duplicate cells in `\counter'.
Removed a total of 0 cells.

5.6.6. Executing OPT_DFF pass (perform DFF optimizations).

5.6.7. Executing OPT_CLEAN pass (remove unused cells and wires).
Finding unused cells or wires in module \counter..

5.6.8. Executing OPT_EXPR pass (perform const folding).
Optimizing module counter.

5.6.9. Finished fast OPT passes. (There is nothing left to do.)

5.7. Executing FSM pass (extract and optimize FSM).

5.7.1. Executing FSM_DETECT pass (finding FSMs in design).

5.7.2. Executing FSM_EXTRACT pass (extracting FSM from design).

5.7.3. Executing FSM_OPT pass (simple optimizations of FSMs).

5.7.4. Executing OPT_CLEAN pass (remove unused cells and wires).
Finding unused cells or wires in module \counter..

5.7.5. Executing FSM_OPT pass (simple optimizations of FSMs).

5.7.6. Executing FSM_RECODE pass (re-assigning FSM state encoding).

5.7.7. Executing FSM_INFO pass (dumping all available information on FSM cells).

5.7.8. Executing FSM_MAP pass (mapping FSMs to basic logic).

5.8. Executing OPT pass (performing simple optimizations).

5.8.1. Executing OPT_EXPR pass (perform const folding).
Optimizing module counter.

5.8.2. Executing OPT_MERGE pass (detect identical cells).
Finding identical cells in module `\counter'.
Computing hashes of 3 cells of `\counter'.
Finding duplicate cells in `\counter'.
Removed a total of 0 cells.

5.8.3. Executing OPT_MUXTREE pass (detect dead branches in mux trees).
Running muxtree optimizer on module \counter..
  Creating internal representation of mux trees.
  Evaluating internal representation of mux trees.
  Analyzing evaluation results.
Removed 0 multiplexer ports.
<suppressed ~2 debug messages>

5.8.4. Executing OPT_REDUCE pass (consolidate $*mux and $reduce_* inputs).
  Optimizing cells in module \counter.
Performed a total of 0 changes.

5.8.5. Executing OPT_MERGE pass (detect identical cells).
Finding identical cells in module `\counter'.
Computing hashes of 3 cells of `\counter'.
Finding duplicate cells in `\counter'.
Removed a total of 0 cells.

5.8.6. Executing OPT_DFF pass (perform DFF optimizations).
Adding EN signal on $procdff$22 ($adff) from module counter (D = $add$rtl/counter.v:12$15_Y, Q = \q).

5.8.7. Executing OPT_CLEAN pass (remove unused cells and wires).
Finding unused cells or wires in module \counter..
Removed 1 unused cells and 1 unused wires.
<suppressed ~2 debug messages>

5.8.8. Executing OPT_EXPR pass (perform const folding).
Optimizing module counter.

5.8.9. Rerunning OPT passes. (Maybe there is more to do..)

5.8.10. Executing OPT_MUXTREE pass (detect dead branches in mux trees).
Running muxtree optimizer on module \counter..
  Creating internal representation of mux trees.
  No muxes found in this module.
Removed 0 multiplexer ports.

5.8.11. Executing OPT_REDUCE pass (consolidate $*mux and $reduce_* inputs).
  Optimizing cells in module \counter.
Performed a total of 0 changes.

5.8.12. Executing OPT_MERGE pass (detect identical cells).
Finding identical cells in module `\counter'.
Computing hashes of 2 cells of `\counter'.
Finding duplicate cells in `\counter'.
Removed a total of 0 cells.

5.8.13. Executing OPT_DFF pass (perform DFF optimizations).

5.8.14. Executing OPT_CLEAN pass (remove unused cells and wires).
Finding unused cells or wires in module \counter..

5.8.15. Executing OPT_EXPR pass (perform const folding).
Optimizing module counter.

5.8.16. Finished fast OPT passes. (There is nothing left to do.)

5.9. Executing WREDUCE pass (reducing word size of cells).
Removed top 3 bits (of 4) from port B of cell counter.$add$rtl/counter.v:12$15 ($add).

5.10. Executing PEEPOPT pass (run peephole optimizers).

5.11. Executing OPT_CLEAN pass (remove unused cells and wires).
Finding unused cells or wires in module \counter..

5.12. Executing ALUMACC pass (create $alu and $macc cells).
Extracting $alu and $macc cells in module counter:
  creating $macc model for $add$rtl/counter.v:12$15 ($add).
  creating $alu model for $macc $add$rtl/counter.v:12$15.
  creating $alu cell for $add$rtl/counter.v:12$15: $auto$alumacc.cc:548:replace_alu$24
  created 1 $alu and 0 $macc cells.

5.13. Executing SHARE pass (SAT-based resource sharing).

5.14. Executing OPT pass (performing simple optimizations).

5.14.1. Executing OPT_EXPR pass (perform const folding).
Optimizing module counter.

5.14.2. Executing OPT_MERGE pass (detect identical cells).
Finding identical cells in module `\counter'.
Computing hashes of 2 cells of `\counter'.
Finding duplicate cells in `\counter'.
Removed a total of 0 cells.

5.14.3. Executing OPT_MUXTREE pass (detect dead branches in mux trees).
Running muxtree optimizer on module \counter..
  Creating internal representation of mux trees.
  No muxes found in this module.
Removed 0 multiplexer ports.

5.14.4. Executing OPT_REDUCE pass (consolidate $*mux and $reduce_* inputs).
  Optimizing cells in module \counter.
Performed a total of 0 changes.

5.14.5. Executing OPT_MERGE pass (detect identical cells).
Finding identical cells in module `\counter'.
Computing hashes of 2 cells of `\counter'.
Finding duplicate cells in `\counter'.
Removed a total of 0 cells.

5.14.6. Executing OPT_DFF pass (perform DFF optimizations).

5.14.7. Executing OPT_CLEAN pass (remove unused cells and wires).
Finding unused cells or wires in module \counter..

5.14.8. Executing OPT_EXPR pass (perform const folding).
Optimizing module counter.

5.14.9. Finished fast OPT passes. (There is nothing left to do.)

5.15. Executing MEMORY pass.

5.15.1. Executing OPT_MEM pass (optimize memories).
Performed a total of 0 transformations.

5.15.2. Executing OPT_MEM_PRIORITY pass (removing unnecessary memory write priority relations).
Performed a total of 0 transformations.

5.15.3. Executing OPT_MEM_FEEDBACK pass (finding memory read-to-write feedback paths).

5.15.4. Executing MEMORY_BMUX2ROM pass (converting muxes to ROMs).

5.15.5. Executing MEMORY_DFF pass (merging $dff cells to $memrd).

5.15.6. Executing OPT_CLEAN pass (remove unused cells and wires).
Finding unused cells or wires in module \counter..

5.15.7. Executing MEMORY_SHARE pass (consolidating $memrd/$memwr cells).

5.15.8. Executing OPT_MEM_WIDEN pass (optimize memories where all ports are wide).
Performed a total of 0 transformations.

5.15.9. Executing OPT_CLEAN pass (remove unused cells and wires).
Finding unused cells or wires in module \counter..

5.15.10. Executing MEMORY_COLLECT pass (generating $mem cells).

5.16. Executing OPT_CLEAN pass (remove unused cells and wires).
Finding unused cells or wires in module \counter..

6. Executing OPT pass (performing simple optimizations).

6.1. Executing OPT_EXPR pass (perform const folding).
Optimizing module counter.

6.2. Executing OPT_MERGE pass (detect identical cells).
Finding identical cells in module `\counter'.
Computing hashes of 2 cells of `\counter'.
Finding duplicate cells in `\counter'.
Removed a total of 0 cells.

6.3. Executing OPT_MUXTREE pass (detect dead branches in mux trees).
Running muxtree optimizer on module \counter..
  Creating internal representation of mux trees.
  No muxes found in this module.
Removed 0 multiplexer ports.

6.4. Executing OPT_REDUCE pass (consolidate $*mux and $reduce_* inputs).
  Optimizing cells in module \counter.
Performed a total of 0 changes.

6.5. Executing OPT_MERGE pass (detect identical cells).
Finding identical cells in module `\counter'.
Computing hashes of 2 cells of `\counter'.
Finding duplicate cells in `\counter'.
Removed a total of 0 cells.

6.6. Executing OPT_SHARE pass.

6.7. Executing OPT_DFF pass (perform DFF optimizations).

6.8. Executing OPT_CLEAN pass (remove unused cells and wires).
Finding unused cells or wires in module \counter..

6.9. Executing OPT_EXPR pass (perform const folding).
Optimizing module counter.

6.10. Finished fast OPT passes. (There is nothing left to do.)

7. Executing TECHMAP pass (map to technology primitives).

7.1. Executing Verilog-2005 frontend: /share/techmap.v
Parsing Verilog input from `/share/techmap.v' to AST representation.
Generating RTLIL representation for module `\_90_simplemap_bool_ops'.
Generating RTLIL representation for module `\_90_simplemap_reduce_ops'.
Generating RTLIL representation for module `\_90_simplemap_logic_ops'.
Generating RTLIL representation for module `\_90_simplemap_compare_ops'.
Generating RTLIL representation for module `\_90_simplemap_various'.
Generating RTLIL representation for module `\_90_simplemap_registers'.
Generating RTLIL representation for module `\_90_shift_ops_shr_shl_sshl_sshr'.
Generating RTLIL representation for module `\_90_shift_shiftx'.
Generating RTLIL representation for module `\_90_fa'.
Generating RTLIL representation for module `\_90_lcu_brent_kung'.
Generating RTLIL representation for module `\_90_alu'.
Generating RTLIL representation for module `\_90_macc'.
Generating RTLIL representation for module `\_90_alumacc'.
Generating RTLIL representation for module `$__div_mod_u'.
Generating RTLIL representation for module `$__div_mod_trunc'.
Generating RTLIL representation for module `\_90_div'.
Generating RTLIL representation for module `\_90_mod'.
Generating RTLIL representation for module `$__div_mod_floor'.
Generating RTLIL representation for module `\_90_divfloor'.
Generating RTLIL representation for module `\_90_modfloor'.
Generating RTLIL representation for module `\_90_pow'.
Generating RTLIL representation for module `\_90_demux'.
Generating RTLIL representation for module `\_90_lut'.
Generating RTLIL representation for module `$connect'.
Generating RTLIL representation for module `$input_port'.
Successfully finished Verilog frontend.

7.2. Continuing TECHMAP pass.
Using template $paramod$32a7b7b86c07519b7537abc18e96f0331f97914d\_90_alu for cells of type $alu.
Using extmapper simplemap for cells of type $adffe.
Using extmapper simplemap for cells of type $xor.
Using template $paramod\_90_fa\WIDTH=32'00000000000000000000000000000100 for cells of type $fa.
Using template $paramod\_90_lcu_brent_kung\WIDTH=32'00000000000000000000000000000100 for cells of type $lcu.
Using extmapper simplemap for cells of type $pos.
Using extmapper simplemap for cells of type $mux.
Using extmapper simplemap for cells of type $not.
Using extmapper simplemap for cells of type $or.
Using extmapper simplemap for cells of type $and.
No more expansions possible.
<suppressed ~218 debug messages>

8. Executing SIMPLEMAP pass (map simple cells to gate primitives).

9. Executing OPT_CLEAN pass (remove unused cells and wires).
Finding unused cells or wires in module \counter..
Removed 9 unused cells and 37 unused wires.
<suppressed ~10 debug messages>

10. Executing ASYNC2SYNC pass.
Replacing counter.$auto$ff.cc:337:slice$103 ($_DFFE_PN0P_): ARST=\rst_n, D=$auto$alumacc.cc:548:replace_alu$24.Y [2], Q=\q [2]
Replacing counter.$auto$ff.cc:337:slice$102 ($_DFFE_PN0P_): ARST=\rst_n, D=$auto$alumacc.cc:548:replace_alu$24.Y [1], Q=\q [1]
Replacing counter.$auto$ff.cc:337:slice$101 ($_DFFE_PN0P_): ARST=\rst_n, D=$auto$alumacc.cc:548:replace_alu$24.Y [0], Q=\q [0]
Replacing counter.$auto$ff.cc:337:slice$104 ($_DFFE_PN0P_): ARST=\rst_n, D=$auto$alumacc.cc:548:replace_alu$24.Y [3], Q=\q [3]

11. Executing EQUIV_MAKE pass (creating equiv checking module).
Presumably equivalent wires: clk_gold (\clk_gold), clk_gate (\clk_gate) -> clk
Presumably equivalent wires: en_gold (\en_gold), en_gate (\en_gate) -> en
Presumably equivalent wires: q_gold (\q_gold), q_gate (\q_gate) -> q
Presumably equivalent wires: rst_n_gold (\rst_n_gold), rst_n_gate (\rst_n_gate) -> rst_n
Changing input A of cell $auto$simplemap.cc:46:simplemap_not$136_gate ($_NOT_): \q_gate [2] -> \q [2]
Changing input A of cell $auto$simplemap.cc:46:simplemap_not$135_gate ($_NOT_): \q_gate [1] -> \q [1]
Changing input A of cell $auto$simplemap.cc:46:simplemap_not$134_gate ($_NOT_): \q_gate [0] -> \q [0]
Changing input A of cell $auto$simplemap.cc:298:simplemap_mux$132_gate ($_MUX_): \q_gate [2] -> \q [2]
Changing input A of cell $auto$simplemap.cc:298:simplemap_mux$131_gate ($_MUX_): \q_gate [1] -> \q [1]
Changing input A of cell $auto$simplemap.cc:298:simplemap_mux$130_gate ($_MUX_): \q_gate [0] -> \q [0]
Changing input A of cell $auto$simplemap.cc:298:simplemap_mux$133_gate ($_MUX_): \q_gate [3] -> \q [3]
Changing input A of cell $auto$simplemap.cc:46:simplemap_not$137_gate ($_NOT_): \q_gate [3] -> \q [3]
Changing input A of cell $add$rtl/counter.v:12$3_gold ($add): \q_gold -> \q
Changing input A of cell $procmux$4_gold ($mux): \q_gold -> \q
Setting undriven nets to undef: $auto$alumacc.cc:548:replace_alu$24.fa.t2_gate [3]
Setting undriven nets to undef: $auto$alumacc.cc:548:replace_alu$24.fa.t3_gate [3]
Setting undriven nets to undef: $auto$alumacc.cc:548:replace_alu$24.CO_gate [3]
Setting undriven nets to undef: $auto$alumacc.cc:548:replace_alu$24.fa.X_gate [3]

12. Executing HIERARCHY pass (managing design hierarchy).

12.1. Analyzing design hierarchy..
Top module:  \equiv

12.2. Analyzing design hierarchy..
Top module:  \equiv
Removing unused module `\gate'.
Removing unused module `\gold'.
Removed 2 unused modules.

13. Executing EQUIV_SIMPLE pass.
Found 4 unproven $equiv cells (1 groups) in equiv:
 Grouping SAT models for \q:
  Trying to prove $equiv for \q [0]:ezsat
ezsat
 failed.
  Trying to prove $equiv for \q [1]:ezsat
ezsat
 failed.
  Trying to prove $equiv for \q [2]:ezsat
ezsat
 failed.
  Trying to prove $equiv for \q [3]:ezsat
ezsat
 failed.
Proved 0 previously unproven $equiv cells.

14. Executing EQUIV_INDUCT pass.
Found 4 unproven $equiv cells in module equiv:
  Proving existence of base case for step 1. (799 clauses over 313 variables)
  Proving induction step 1. (1761 clauses over 677 variables)
  Proof for induction step holds. Entire workset of 4 cells proven!
Proved 4 previously unproven $equiv cells.

15. Executing EQUIV_STATUS pass.
Found 4 $equiv cells in equiv:
  Of those cells 4 are proven and 0 are unproven.
  Equivalence successfully proven!

End of script. Logfile hash: b15984b1b3, time: 0.07s, user: 0.08s, system: 0.00s
Yosys 0.69 (git sha1 9f75ca1f9, Release, Clang /workspace/YoWASP/yosys/wasi-sdk-33.0-x86_64-linux/share/cmake/../..//bin/clang++ 22.1.0)
Time spent: 38% 5x read_verilog (0 sec), 10% 1x techmap (0 sec), ...
